// Jest Snapshot v1, https://goo.gl/fbAQLP

exports[`renders with all cast members 1`] = `[Function]`;
